[2026-06-28 12:30:40] ERROR: Error: Testing Global Error
    at C:\Users\washi\OneDrive\Desktop\Messmate New\messmate-pg-backend\index.js:57:17
    at Layer.handleRequest (C:\Users\washi\OneDrive\Desktop\Messmate New\messmate-pg-backend\node_modules\router\lib\layer.js:152:17)
    at next (C:\Users\washi\OneDrive\Desktop\Messmate New\messmate-pg-backend\node_modules\router\lib\route.js:157:13)
    at Route.dispatch (C:\Users\washi\OneDrive\Desktop\Messmate New\messmate-pg-backend\node_modules\router\lib\route.js:117:3)
    at handle (C:\Users\washi\OneDrive\Desktop\Messmate New\messmate-pg-backend\node_modules\router\index.js:435:11)
    at Layer.handleRequest (C:\Users\washi\OneDrive\Desktop\Messmate New\messmate-pg-backend\node_modules\router\lib\layer.js:152:17)
    at C:\Users\washi\OneDrive\Desktop\Messmate New\messmate-pg-backend\node_modules\router\index.js:295:15
    at processParams (C:\Users\washi\OneDrive\Desktop\Messmate New\messmate-pg-backend\node_modules\router\index.js:582:12)
    at next (C:\Users\washi\OneDrive\Desktop\Messmate New\messmate-pg-backend\node_modules\router\index.js:291:5)
    at logger (C:\Users\washi\OneDrive\Desktop\Messmate New\messmate-pg-backend\node_modules\morgan\index.js:170:5)
[2026-06-28 12:30:41] ERROR: Error: Testing Global Error
    at C:\Users\washi\OneDrive\Desktop\Messmate New\messmate-pg-backend\index.js:57:17
    at Layer.handleRequest (C:\Users\washi\OneDrive\Desktop\Messmate New\messmate-pg-backend\node_modules\router\lib\layer.js:152:17)
    at next (C:\Users\washi\OneDrive\Desktop\Messmate New\messmate-pg-backend\node_modules\router\lib\route.js:157:13)
    at Route.dispatch (C:\Users\washi\OneDrive\Desktop\Messmate New\messmate-pg-backend\node_modules\router\lib\route.js:117:3)
    at handle (C:\Users\washi\OneDrive\Desktop\Messmate New\messmate-pg-backend\node_modules\router\index.js:435:11)
    at Layer.handleRequest (C:\Users\washi\OneDrive\Desktop\Messmate New\messmate-pg-backend\node_modules\router\lib\layer.js:152:17)
    at C:\Users\washi\OneDrive\Desktop\Messmate New\messmate-pg-backend\node_modules\router\index.js:295:15
    at processParams (C:\Users\washi\OneDrive\Desktop\Messmate New\messmate-pg-backend\node_modules\router\index.js:582:12)
    at next (C:\Users\washi\OneDrive\Desktop\Messmate New\messmate-pg-backend\node_modules\router\index.js:291:5)
    at logger (C:\Users\washi\OneDrive\Desktop\Messmate New\messmate-pg-backend\node_modules\morgan\index.js:170:5)
[2026-06-28 18:08:18] ERROR: ❌ Database Error: getaddrinfo ENOTFOUND ep-patient-lake-atzssgwo-pooler.c-9.us-east-1.aws.neon.tech
